=== [Rendimiento] embeddium ===
=== [Rendimiento] oculus ===
=== [Rendimiento] ferrite-core ===
=== [Rendimiento] modernfix ===
=== [Rendimiento] entityculling ===
=== [Rendimiento] clumps ===
=== [Rendimiento] letmedespawn ===
=== [Rendimiento] fast-item-frames ===
=== [Rendimiento] moonlight-lib ===
=== [Rendimiento] spark ===
=== [KubeJS] kubejs ===
=== [KubeJS] kubejs-create ===
=== [KubeJS] kubejs-immersive-engineering ===
=== [KubeJS] architectury-api ===
=== [Misiones] ftb-quests-forge ===
=== [Misiones] ftb-library-forge ===
=== [Misiones] ftb-teams-forge ===
=== [Misiones] ftb-ranks-forge ===
=== [Misiones] ftb-chunks-forge ===
=== [Create] create ===
=== [Create] flywheel ===
=== [Create] create-crafts-and-additions ===
=== [Create] create-deco ===
=== [Create] create-connected ===
=== [Create] create-steam-n-rails ===
=== [Create] create-interiors ===
=== [Create] create-confectionery ===
=== [Create] create-new-age ===
=== [Create] create-enchantment-industry ===
=== [Create] create-arcane-engineering ===
=== [Create] create-big-cannons ===
=== [Create] create-dreams-and-desires ===
=== [Create] create-central-kitchen ===
=== [Create] create-ore-excavation ===
=== [Create] create-slice-and-dice ===
=== [Create] create-stuff-additions ===
=== [Create] create-garnished ===
=== [Create] create-numismatics ===
=== [Create] create-alloyed ===
=== [Create] create-mecharm ===
=== [Create] createutilities ===
=== [Create] create-jetpack ===
=== [Create] immersive-aircraft ===
=== [Create] valkyrien-skies ===
=== [Create] eureka-ships ===
=== [Dimensiones] twilightforest ===
=== [Dimensiones] the-aether ===
=== [Dimensiones] blue-skies ===
=== [Dimensiones] ad-astra ===
=== [Dimensiones] deeper-and-darker ===
=== [Dimensiones] incendium ===
=== [Dimensiones] nyfaria ===
=== [Dimensiones] promenade ===
=== [Dimensiones] terralith ===
=== [Dimensiones] oh-the-biomes-youll-go ===
=== [Dimensiones] biomes-o-plenty ===
=== [Dimensiones] atmospheric ===
=== [Dimensiones] the-graveyard ===
=== [Dimensiones] undergarden ===
=== [Dimensiones] origins-forge ===
=== [Dimensiones] hexcellent ===
=== [Dimensiones] beneath ===
=== [Dimensiones] betterend ===
=== [Dimensiones] betternether ===
=== [Dimensiones] hardcore-alchemy ===
=== [Dimensiones] aquamirae ===
=== [Dimensiones] voyage ===
=== [Dimensiones] beautify ===
=== [Dimensiones] explorers-compass ===
=== [Dimensiones] when-dungeons-arise ===
=== [Enemigos] alexsmobs ===
=== [Enemigos] cataclysm ===
=== [Enemigos] mutant-monsters ===
=== [Enemigos] mowziesmobs ===
=== [Enemigos] bosses-of-mass-destruction ===
=== [Enemigos] dungeons-mobs ===
=== [Enemigos] infernal-mobs ===
=== [Enemigos] iceandfire ===
=== [Enemigos] mutant-beasts ===
=== [Enemigos] scapes-and-runes ===
=== [Enemigos] haema ===
=== [Enemigos] deeperdarker-mobs ===
=== [Enemigos] dungeons-and-taverns ===
=== [Enemigos] repixelated ===
=== [Enemigos] primal-winter ===
=== [Enemigos] endergetic ===
=== [Enemigos] epic-fight ===
=== [Enemigos] mine-and-slash ===
=== [Enemigos] tactical-hud ===
=== [Enemigos] deadly-world ===
=== [Mascotas] friendsandfoes ===
=== [Mascotas] naturalist ===
=== [Mascotas] kobolds ===
=== [Mascotas] additional-additions ===
=== [Mascotas] ice-and-fire-dragonriding ===
=== [Mascotas] pets-pack ===
=== [Mascotas] dungeons-and-taverns-pets ===
=== [Mascotas] fluffy-fur ===
=== [Mascotas] farm-and-charm ===
=== [Mascotas] tinkers-construct ===
=== [Magia] ars-nouveau ===
=== [Magia] irons-spellbooks ===
=== [Magia] botania ===
=== [Magia] evilcraft ===
=== [Magia] ars-elemental ===
=== [Magia] ars-creo ===
=== [Magia] occultism ===
=== [Magia] apotheosis ===
=== [Magia] puffish-skills ===
=== [Combate] tetra ===
=== [Combate] silent-gear ===
=== [Combate] simply-swords ===
=== [Combate] bettercombat-forge ===
=== [Combate] dungeons-plus ===
=== [Combate] first-aid ===
=== [Combate] spartan-weaponry ===
=== [Combate] spartan-shields ===
=== [Estructuras] yungsbetterdungeons ===
=== [Estructuras] yungsbettermineshafts ===
=== [Estructuras] yungsbetterstrongholds ===
=== [Estructuras] yungsbetteroceanmonuments ===
=== [Estructuras] yungsbetternetherfortresses ===
=== [Estructuras] yungsbridges ===
=== [Estructuras] yungsextras ===
=== [Estructuras] repurposed-structures ===
=== [Estructuras] dungeon-crawl ===
=== [Estructuras] towns-and-towers ===
=== [Decoracion] chipped ===
=== [Decoracion] quark ===
=== [Decoracion] sophisticated-backpacks ===
=== [Decoracion] sophisticated-storage ===
=== [Decoracion] farmers-delight ===
=== [Decoracion] farmers-respite ===
=== [Decoracion] nethers-delight ===
=== [Decoracion] cooking-for-blockheads ===
=== [Decoracion] macaws-bridges ===
=== [Decoracion] macaws-doors ===
=== [Decoracion] macaws-windows ===
=== [Decoracion] macaws-fences-and-walls ===
=== [Decoracion] macaws-roofs ===
=== [Decoracion] macaws-paths-and-pavings ===
=== [Decoracion] macaws-furniture ===
=== [Decoracion] supplementaries ===
=== [Decoracion] handcrafted ===
=== [Decoracion] blockus ===
=== [Decoracion] corpse ===
=== [Decoracion] waystones ===
=== [Utilidad] jei ===
=== [Utilidad] jade ===
=== [Utilidad] mouse-tweaks ===
=== [Utilidad] trashslot ===
=== [Utilidad] xp-tome ===
=== [Utilidad] torchmaster ===
=== [Utilidad] polymorph ===
=== [Utilidad] appleskin ===
=== [Utilidad] inventory-profiles-next ===
=== [Utilidad] easy-anvils ===
=== [Utilidad] easy-villagers ===
=== [Utilidad] xaeros-minimap ===
=== [Utilidad] xaeros-world-map ===
=== [Utilidad] controlling ===
=== [Utilidad] craftify ===
=== [Utilidad] comforts ===
=== [Utilidad] traveling-armor-stand ===
=== [Utilidad] puzzles-lib ===
=== [Utilidad] packing-tape ===
=== [Utilidad] item-filters ===
=== [Utilidad] shulker-box-tooltip ===
=== [Utilidad] expanded-storage ===
=== [Utilidad] reap-mod ===
=== [Utilidad] structure-compass ===
=== [Utilidad] justzoom ===
=== [Utilidad] not-enough-animations ===
=== [Utilidad] slice-and-splice ===
=== [Utilidad] toms-storage ===
=== [Utilidad] farsight ===
=== [Utilidad] chunky ===
=== [Utilidad] bookshelf ===
=== [Utilidad] cloth-config ===
=== [Utilidad] curios ===
=== [Utilidad] geckolib ===
=== [Utilidad] kotlin-for-forge ===
=== [Utilidad] forge-config-api-port ===
=== [Utilidad] yungs-api ===
=== [Utilidad] balm ===
=== [Tecnologia] mekanism ===
=== [Tecnologia] mekanism-generators ===
=== [Tecnologia] mekanism-tools ===
=== [Tecnologia] applied-energistics-2 ===
=== [Tecnologia] immersive-engineering ===
=== [Tecnologia] thermal-expansion ===
=== [Tecnologia] thermal-foundation ===
=== [Tecnologia] thermal-innovation ===
=== [Tecnologia] industrial-foregoing ===
=== [Tecnologia] powah ===
=== [Tecnologia] ae2-things ===
=== [Tecnologia] modular-routers ===
=== [Tecnologia] pipez ===
=== [Tecnologia] refined-storage ===
=== [Tecnologia] laser-io ===
=== [Tecnologia] create-power-loader ===
=== [Tecnologia] ic2-classic-spmod ===
=== [Mundo] william-wythers-overhauled-overworld ===
=== [Mundo] tectonic ===
=== [Mundo] geophilic ===
=== [Mundo] whisperwoods ===
=== [Mundo] origins-classes ===
=== [Mundo] nature-s-spirit ===
=== [Mundo] simple-flowers ===
=== [Mundo] ecographs ===
=== [Mundo] majrusz-library ===
=== [Mundo] majruszs-difficulty ===
=== [Granjas] productive-bees ===
=== [Granjas] productivetrees ===
=== [Granjas] let-me-despawn ===
=== [Granjas] simple-farming ===
=== [Granjas] croptopia ===
=== [Granjas] farming-for-blockheads ===
=== [Granjas] better-nether-farmland ===
=== [Aventura] explorers-compass-2 ===
=== [Aventura] questing-ores ===
=== [Aventura] voyager ===
=== [Aventura] traveler-artifacts ===
=== [Aventura] artifacts ===
=== [Aventura] relics ===
=== [Aventura] the-graveyard-2 ===
=== [Aventura] whats-that-slot ===
=== [Aventura] dungeon-now-loading ===
=== [Aventura] from-the-fog ===
=== [Aventura] caverns-and-chasms ===
=== [Aventura] underground-villages ===
=== [Aventura] villager-names ===
=== [Aventura] bygone-nether ===
=== [Aventura] nethers-exile ===
=== [Aventura] deep-aether ===
=== [Aventura] savage-and-ravage ===
=== [Aventura] monster-hunter-legacy ===
=== [Aventura] banished-souls ===
DONE
